src/features/employees/EmployeeRow.tsx(116,23): error TS6133: 'isEnrolling' is declared but its value is never read.
src/features/planning/components/modals/teams/TeamCard.tsx(2,30): error TS2307: Cannot find module '@dnd-kit/core' or its corresponding type declarations.
src/features/planning/components/modals/teams/TeamCard.tsx(3,21): error TS2307: Cannot find module '@dnd-kit/utilities' or its corresponding type declarations.
src/features/planning/components/scheduling/PlanningFilterBar.tsx(1,1): error TS6133: 'React' is declared but its value is never read.
src/features/planning/components/TemplateManager.tsx(3,10): error TS6133: 'Shift' is declared but its value is never read.
src/features/planning/components/TemplateManager.tsx(164,26): error TS2339: Property 'color' does not exist on type 'WeeklyTemplate'.
src/features/planning/hooks/usePlanning.ts(18,3): error TS6133: 'WeeklyTemplate' is declared but its value is never read.
src/features/planning/hooks/usePlanningLayoutState.ts(2,10): error TS6133: 'Shift' is declared but its value is never read.
src/features/planning/hooks/useTemplateManager.ts(18,11): error TS6133: 'queryClient' is declared but its value is never read.
src/features/planning/layouts/PlanningLayout.tsx(30,71): error TS6133: 'Shift' is declared but its value is never read.
src/features/planning/layouts/PlanningLayout.tsx(68,7): error TS6133: 'getDayMondayFirst' is declared but its value is never read.
src/features/reports/components/HoverPreviewPopover.tsx(1,17): error TS6133: 'useEffect' is declared but its value is never read.
src/features/reports/components/HoverPreviewPopover.tsx(1,28): error TS6133: 'useState' is declared but its value is never read.
src/features/reports/components/HoverPreviewPopover.tsx(3,1): error TS6133: 'HiDocumentText' is declared but its value is never read.
src/features/reports/export/hooks/useEmployeeHistory.ts(2,25): error TS2307: Cannot find module '../../../../../services/users' or its corresponding type declarations.
src/features/reports/export/hooks/useEmployeeHistory.ts(3,28): error TS2307: Cannot find module '../../../../../services/attendance' or its corresponding type declarations.
src/features/reports/export/hooks/useEmployeeHistory.ts(4,30): error TS2307: Cannot find module '../../../../../services/types/api-types' or its corresponding type declarations.
src/features/reports/QuickReports.tsx(5,1): error TS6133: 'Button' is declared but its value is never read.
src/features/reports/QuickReports.tsx(103,22): error TS6133: 'period' is declared but its value is never read.
src/features/settings/UpdateSettingsForm.tsx(93,15): error TS6133: 'dStart' is declared but its value is never read.
src/features/settings/UpdateSettingsForm.tsx(96,15): error TS6133: 'nEnd' is declared but its value is never read.
src/services/planning.ts(387,24): error TS6133: 'startDate' is declared but its value is never read.
src/services/planning.ts(387,43): error TS6133: 'endDate' is declared but its value is never read.
src/services/planning.ts(387,60): error TS6133: 'targetType' is declared but its value is never read.
src/services/planning.ts(387,90): error TS6133: 'targetId' is declared but its value is never read.
src/services/planning.ts(396,26): error TS6133: 'data' is declared but its value is never read.
